../bno055/Src/BNO055.c:51:6:bno055_self_test	160	static
../bno055/Src/BNO055.c:106:29:Power_On_Self_Test	40	static
../bno055/Src/BNO055.c:160:29:Build_In_Self_Test	40	static
../bno055/Src/BNO055.c:207:29:Power_Mode_Select	48	static
../bno055/Src/BNO055.c:250:29:Operating_Mode_Select	48	static
../bno055/Src/BNO055.c:279:10:Axis_Map_Select	40	static
../bno055/Src/BNO055.c:298:10:Axis_Sign_Select	40	static
../bno055/Src/BNO055.c:322:29:Acc_Config	48	static
../bno055/Src/BNO055.c:356:29:Gyr_Config	48	static
../bno055/Src/BNO055.c:390:29:Mag_Config	48	static
../bno055/Src/BNO055.c:424:10:Unit_Selection	40	static
../bno055/Src/BNO055.c:454:6:bno055_config	16	static
../bno055/Src/BNO055.c:486:15:bno055_Get_Acc	72	static
../bno055/Src/BNO055.c:519:15:bno055_Get_Gyr	72	static
../bno055/Src/BNO055.c:552:15:bno055_Get_Mag	72	static
../bno055/Src/BNO055.c:585:15:bno055_Get_Eul	72	static
../bno055/Src/BNO055.c:619:15:bno055_Get_Qua	88	static
../bno055/Src/BNO055.c:657:15:bno055_Get_Lin	72	static
../bno055/Src/BNO055.c:690:15:bno055_Get_Grv	72	static
../bno055/Src/BNO055.c:723:8:bno055_Get_Temp	32	static
../bno055/Src/BNO055.c:743:6:Complete_Signal	16	static
../bno055/Src/BNO055.c:775:6:Error_Signal	8	static
../bno055/Src/BNO055.c:801:31:System_Status	32	static
../bno055/Src/BNO055.c:854:30:Calibration_Status	32	static
